/Users/chasegladden/Library/Python/3.9/lib/python/site-packages/urllib3/__init__.py:35: NotOpenSSLWarning: urllib3 v2 only supports OpenSSL 1.1.1+, currently the 'ssl' module is compiled with 'LibreSSL 2.8.3'. See: https://github.com/urllib3/urllib3/issues/3020
  warnings.warn(
Fetching Sprout profiles...
Fetching Sprout posts...
Fetching personal tweets...
Fetching 3rd party mentions...
Fetching watched account tweets...
Found 6 APEX posts from watched accounts (@ArtificialAnlys, @EpochAIResearch)
Fetching Clay web intent data...
Report sent to Slack successfully.
NOTION_TOKEN not set — skipping Notion post.
/Users/chasegladden/Library/Python/3.9/lib/python/site-packages/urllib3/__init__.py:35: NotOpenSSLWarning: urllib3 v2 only supports OpenSSL 1.1.1+, currently the 'ssl' module is compiled with 'LibreSSL 2.8.3'. See: https://github.com/urllib3/urllib3/issues/3020
  warnings.warn(
Fetching Sprout profiles...
Traceback (most recent call last):
  File "/Users/chasegladden/Library/Python/3.9/lib/python/site-packages/urllib3/connection.py", line 204, in _new_conn
    sock = connection.create_connection(
  File "/Users/chasegladden/Library/Python/3.9/lib/python/site-packages/urllib3/util/connection.py", line 60, in create_connection
    for res in socket.getaddrinfo(host, port, family, socket.SOCK_STREAM):
  File "/Library/Developer/CommandLineTools/Library/Frameworks/Python3.framework/Versions/3.9/lib/python3.9/socket.py", line 953, in getaddrinfo
    for res in _socket.getaddrinfo(host, port, family, type, proto, flags):
socket.gaierror: [Errno 8] nodename nor servname provided, or not known

The above exception was the direct cause of the following exception:

Traceback (most recent call last):
  File "/Users/chasegladden/Library/Python/3.9/lib/python/site-packages/urllib3/connectionpool.py", line 787, in urlopen
    response = self._make_request(
  File "/Users/chasegladden/Library/Python/3.9/lib/python/site-packages/urllib3/connectionpool.py", line 488, in _make_request
    raise new_e
  File "/Users/chasegladden/Library/Python/3.9/lib/python/site-packages/urllib3/connectionpool.py", line 464, in _make_request
    self._validate_conn(conn)
  File "/Users/chasegladden/Library/Python/3.9/lib/python/site-packages/urllib3/connectionpool.py", line 1093, in _validate_conn
    conn.connect()
  File "/Users/chasegladden/Library/Python/3.9/lib/python/site-packages/urllib3/connection.py", line 759, in connect
    self.sock = sock = self._new_conn()
  File "/Users/chasegladden/Library/Python/3.9/lib/python/site-packages/urllib3/connection.py", line 211, in _new_conn
    raise NameResolutionError(self.host, self, e) from e
urllib3.exceptions.NameResolutionError: HTTPSConnection(host='api.sproutsocial.com', port=443): Failed to resolve 'api.sproutsocial.com' ([Errno 8] nodename nor servname provided, or not known)

The above exception was the direct cause of the following exception:

Traceback (most recent call last):
  File "/Users/chasegladden/Library/Python/3.9/lib/python/site-packages/requests/adapters.py", line 644, in send
    resp = conn.urlopen(
  File "/Users/chasegladden/Library/Python/3.9/lib/python/site-packages/urllib3/connectionpool.py", line 841, in urlopen
    retries = retries.increment(
  File "/Users/chasegladden/Library/Python/3.9/lib/python/site-packages/urllib3/util/retry.py", line 535, in increment
    raise MaxRetryError(_pool, url, reason) from reason  # type: ignore[arg-type]
urllib3.exceptions.MaxRetryError: HTTPSConnectionPool(host='api.sproutsocial.com', port=443): Max retries exceeded with url: /v1/2813309/metadata/customer (Caused by NameResolutionError("HTTPSConnection(host='api.sproutsocial.com', port=443): Failed to resolve 'api.sproutsocial.com' ([Errno 8] nodename nor servname provided, or not known)"))

During handling of the above exception, another exception occurred:

Traceback (most recent call last):
  File "/Users/chasegladden/mercor-reporting/slack_report.py", line 489, in <module>
    profile_ids, profile_map = get_sprout_profiles()
  File "/Users/chasegladden/mercor-reporting/slack_report.py", line 42, in get_sprout_profiles
    profiles = requests.get(url, headers=headers).json().get("data", [])
  File "/Users/chasegladden/Library/Python/3.9/lib/python/site-packages/requests/api.py", line 73, in get
    return request("get", url, params=params, **kwargs)
  File "/Users/chasegladden/Library/Python/3.9/lib/python/site-packages/requests/api.py", line 59, in request
    return session.request(method=method, url=url, **kwargs)
  File "/Users/chasegladden/Library/Python/3.9/lib/python/site-packages/requests/sessions.py", line 589, in request
    resp = self.send(prep, **send_kwargs)
  File "/Users/chasegladden/Library/Python/3.9/lib/python/site-packages/requests/sessions.py", line 703, in send
    r = adapter.send(request, **kwargs)
  File "/Users/chasegladden/Library/Python/3.9/lib/python/site-packages/requests/adapters.py", line 677, in send
    raise ConnectionError(e, request=request)
requests.exceptions.ConnectionError: HTTPSConnectionPool(host='api.sproutsocial.com', port=443): Max retries exceeded with url: /v1/2813309/metadata/customer (Caused by NameResolutionError("HTTPSConnection(host='api.sproutsocial.com', port=443): Failed to resolve 'api.sproutsocial.com' ([Errno 8] nodename nor servname provided, or not known)"))
/Users/chasegladden/Library/Python/3.9/lib/python/site-packages/urllib3/__init__.py:35: NotOpenSSLWarning: urllib3 v2 only supports OpenSSL 1.1.1+, currently the 'ssl' module is compiled with 'LibreSSL 2.8.3'. See: https://github.com/urllib3/urllib3/issues/3020
  warnings.warn(
Fetching Sprout profiles...
Traceback (most recent call last):
  File "/Users/chasegladden/Library/Python/3.9/lib/python/site-packages/urllib3/connection.py", line 204, in _new_conn
    sock = connection.create_connection(
  File "/Users/chasegladden/Library/Python/3.9/lib/python/site-packages/urllib3/util/connection.py", line 60, in create_connection
    for res in socket.getaddrinfo(host, port, family, socket.SOCK_STREAM):
  File "/Library/Developer/CommandLineTools/Library/Frameworks/Python3.framework/Versions/3.9/lib/python3.9/socket.py", line 953, in getaddrinfo
    for res in _socket.getaddrinfo(host, port, family, type, proto, flags):
socket.gaierror: [Errno 8] nodename nor servname provided, or not known

The above exception was the direct cause of the following exception:

Traceback (most recent call last):
  File "/Users/chasegladden/Library/Python/3.9/lib/python/site-packages/urllib3/connectionpool.py", line 787, in urlopen
    response = self._make_request(
  File "/Users/chasegladden/Library/Python/3.9/lib/python/site-packages/urllib3/connectionpool.py", line 488, in _make_request
    raise new_e
  File "/Users/chasegladden/Library/Python/3.9/lib/python/site-packages/urllib3/connectionpool.py", line 464, in _make_request
    self._validate_conn(conn)
  File "/Users/chasegladden/Library/Python/3.9/lib/python/site-packages/urllib3/connectionpool.py", line 1093, in _validate_conn
    conn.connect()
  File "/Users/chasegladden/Library/Python/3.9/lib/python/site-packages/urllib3/connection.py", line 759, in connect
    self.sock = sock = self._new_conn()
  File "/Users/chasegladden/Library/Python/3.9/lib/python/site-packages/urllib3/connection.py", line 211, in _new_conn
    raise NameResolutionError(self.host, self, e) from e
urllib3.exceptions.NameResolutionError: HTTPSConnection(host='api.sproutsocial.com', port=443): Failed to resolve 'api.sproutsocial.com' ([Errno 8] nodename nor servname provided, or not known)

The above exception was the direct cause of the following exception:

Traceback (most recent call last):
  File "/Users/chasegladden/Library/Python/3.9/lib/python/site-packages/requests/adapters.py", line 644, in send
    resp = conn.urlopen(
  File "/Users/chasegladden/Library/Python/3.9/lib/python/site-packages/urllib3/connectionpool.py", line 841, in urlopen
    retries = retries.increment(
  File "/Users/chasegladden/Library/Python/3.9/lib/python/site-packages/urllib3/util/retry.py", line 535, in increment
    raise MaxRetryError(_pool, url, reason) from reason  # type: ignore[arg-type]
urllib3.exceptions.MaxRetryError: HTTPSConnectionPool(host='api.sproutsocial.com', port=443): Max retries exceeded with url: /v1/2813309/metadata/customer (Caused by NameResolutionError("HTTPSConnection(host='api.sproutsocial.com', port=443): Failed to resolve 'api.sproutsocial.com' ([Errno 8] nodename nor servname provided, or not known)"))

During handling of the above exception, another exception occurred:

Traceback (most recent call last):
  File "/Users/chasegladden/mercor-reporting/slack_report.py", line 489, in <module>
    profile_ids, profile_map = get_sprout_profiles()
  File "/Users/chasegladden/mercor-reporting/slack_report.py", line 42, in get_sprout_profiles
    profiles = requests.get(url, headers=headers).json().get("data", [])
  File "/Users/chasegladden/Library/Python/3.9/lib/python/site-packages/requests/api.py", line 73, in get
    return request("get", url, params=params, **kwargs)
  File "/Users/chasegladden/Library/Python/3.9/lib/python/site-packages/requests/api.py", line 59, in request
    return session.request(method=method, url=url, **kwargs)
  File "/Users/chasegladden/Library/Python/3.9/lib/python/site-packages/requests/sessions.py", line 589, in request
    resp = self.send(prep, **send_kwargs)
  File "/Users/chasegladden/Library/Python/3.9/lib/python/site-packages/requests/sessions.py", line 703, in send
    r = adapter.send(request, **kwargs)
  File "/Users/chasegladden/Library/Python/3.9/lib/python/site-packages/requests/adapters.py", line 677, in send
    raise ConnectionError(e, request=request)
requests.exceptions.ConnectionError: HTTPSConnectionPool(host='api.sproutsocial.com', port=443): Max retries exceeded with url: /v1/2813309/metadata/customer (Caused by NameResolutionError("HTTPSConnection(host='api.sproutsocial.com', port=443): Failed to resolve 'api.sproutsocial.com' ([Errno 8] nodename nor servname provided, or not known)"))
/Users/chasegladden/Library/Python/3.9/lib/python/site-packages/urllib3/__init__.py:35: NotOpenSSLWarning: urllib3 v2 only supports OpenSSL 1.1.1+, currently the 'ssl' module is compiled with 'LibreSSL 2.8.3'. See: https://github.com/urllib3/urllib3/issues/3020
  warnings.warn(
Fetching Sprout profiles...
Fetching Sprout posts...
Fetching personal tweets...
Fetching 3rd party mentions...
Twitter search/recent returned 401 — skipping 3rd party mentions
Fetching watched account tweets...
Could not look up @ArtificialAnlys: 401
Could not look up @EpochAIResearch: 401
Found 0 APEX posts from watched accounts (@ArtificialAnlys, @EpochAIResearch)
Fetching Clay web intent data...
Report sent to Slack successfully.
NOTION_TOKEN not set — skipping Notion post.
/Users/chasegladden/Library/Python/3.9/lib/python/site-packages/urllib3/__init__.py:35: NotOpenSSLWarning: urllib3 v2 only supports OpenSSL 1.1.1+, currently the 'ssl' module is compiled with 'LibreSSL 2.8.3'. See: https://github.com/urllib3/urllib3/issues/3020
  warnings.warn(
Fetching Sprout profiles...
Fetching Sprout posts...
Fetching personal tweets...
Fetching 3rd party mentions...
Twitter search/recent returned 401 — skipping 3rd party mentions
Fetching watched account tweets...
Could not look up @ArtificialAnlys: 401
Could not look up @EpochAIResearch: 401
Found 0 APEX posts from watched accounts (@ArtificialAnlys, @EpochAIResearch)
Fetching Clay web intent data...
Report sent to Slack successfully.
NOTION_TOKEN not set — skipping Notion post.
/Users/chasegladden/Library/Python/3.9/lib/python/site-packages/urllib3/__init__.py:35: NotOpenSSLWarning: urllib3 v2 only supports OpenSSL 1.1.1+, currently the 'ssl' module is compiled with 'LibreSSL 2.8.3'. See: https://github.com/urllib3/urllib3/issues/3020
  warnings.warn(
Fetching Sprout profiles...
Fetching Sprout posts...
Fetching personal tweets...
Fetching 3rd party mentions...
Twitter search/recent returned 401 — skipping 3rd party mentions
Fetching watched account tweets...
Could not look up @ArtificialAnlys: 401
Could not look up @EpochAIResearch: 401
Found 0 APEX posts from watched accounts (@ArtificialAnlys, @EpochAIResearch)
Fetching Clay web intent data...
Report sent to Slack successfully.
NOTION_TOKEN not set — skipping Notion post.
/Users/chasegladden/Library/Python/3.9/lib/python/site-packages/urllib3/__init__.py:35: NotOpenSSLWarning: urllib3 v2 only supports OpenSSL 1.1.1+, currently the 'ssl' module is compiled with 'LibreSSL 2.8.3'. See: https://github.com/urllib3/urllib3/issues/3020
  warnings.warn(
Fetching Sprout profiles...
Fetching Sprout posts...
Fetching personal tweets...
Fetching 3rd party mentions...
Twitter search/recent returned 401 — skipping 3rd party mentions
Fetching watched account tweets...
Could not look up @ArtificialAnlys: 401
Could not look up @EpochAIResearch: 401
Found 0 APEX posts from watched accounts (@ArtificialAnlys, @EpochAIResearch)
Fetching Clay web intent data...
Report sent to Slack successfully.
NOTION_TOKEN not set — skipping Notion post.
/Users/chasegladden/Library/Python/3.9/lib/python/site-packages/urllib3/__init__.py:35: NotOpenSSLWarning: urllib3 v2 only supports OpenSSL 1.1.1+, currently the 'ssl' module is compiled with 'LibreSSL 2.8.3'. See: https://github.com/urllib3/urllib3/issues/3020
  warnings.warn(
Fetching Sprout profiles...
Fetching Sprout posts...
Fetching personal tweets...
Fetching 3rd party mentions...
Twitter search/recent returned 401 — skipping 3rd party mentions
Fetching watched account tweets...
Could not look up @ArtificialAnlys: 401
Could not look up @EpochAIResearch: 401
Found 0 APEX posts from watched accounts (@ArtificialAnlys, @EpochAIResearch)
Fetching Clay web intent data...
Report sent to Slack successfully.
NOTION_TOKEN not set — skipping Notion post.
/Users/chasegladden/Library/Python/3.9/lib/python/site-packages/urllib3/__init__.py:35: NotOpenSSLWarning: urllib3 v2 only supports OpenSSL 1.1.1+, currently the 'ssl' module is compiled with 'LibreSSL 2.8.3'. See: https://github.com/urllib3/urllib3/issues/3020
  warnings.warn(
Fetching Sprout profiles...
Sprout profiles error: HTTPSConnectionPool(host='api.sproutsocial.com', port=443): Max retries exceeded with url: /v1/2813309/metadata/customer (Caused by NameResolutionError("HTTPSConnection(host='api.sproutsocial.com', port=443): Failed to resolve 'api.sproutsocial.com' ([Errno 8] nodename nor servname provided, or not known)")) — skipping Sprout data
Fetching Sprout posts...
Discovering personal tweets (Brendan, Adarsh)...
Personal tweets error for Brendan Foody: HTTPSConnectionPool(host='api.twitter.com', port=443): Max retries exceeded with url: /2/users/1237401069921001472/tweets?start_time=2026-04-28T00%3A00%3A00Z&max_results=100&tweet.fields=created_at%2Ctext%2Cpublic_metrics (Caused by NameResolutionError("HTTPSConnection(host='api.twitter.com', port=443): Failed to resolve 'api.twitter.com' ([Errno 8] nodename nor servname provided, or not known)")) — skipping
Personal tweets error for Adarsh: HTTPSConnectionPool(host='api.twitter.com', port=443): Max retries exceeded with url: /2/users/1029157733528829952/tweets?start_time=2026-04-28T00%3A00%3A00Z&max_results=100&tweet.fields=created_at%2Ctext%2Cpublic_metrics (Caused by NameResolutionError("HTTPSConnection(host='api.twitter.com', port=443): Failed to resolve 'api.twitter.com' ([Errno 8] nodename nor servname provided, or not known)")) — skipping
Discovered 0 new personal tweets (Brendan, Adarsh) from 2026-04-28
Discovering 3rd party mentions...
Traceback (most recent call last):
  File "/Users/chasegladden/Library/Python/3.9/lib/python/site-packages/urllib3/connection.py", line 204, in _new_conn
    sock = connection.create_connection(
  File "/Users/chasegladden/Library/Python/3.9/lib/python/site-packages/urllib3/util/connection.py", line 60, in create_connection
    for res in socket.getaddrinfo(host, port, family, socket.SOCK_STREAM):
  File "/Library/Developer/CommandLineTools/Library/Frameworks/Python3.framework/Versions/3.9/lib/python3.9/socket.py", line 953, in getaddrinfo
    for res in _socket.getaddrinfo(host, port, family, type, proto, flags):
socket.gaierror: [Errno 8] nodename nor servname provided, or not known

The above exception was the direct cause of the following exception:

Traceback (most recent call last):
  File "/Users/chasegladden/Library/Python/3.9/lib/python/site-packages/urllib3/connectionpool.py", line 787, in urlopen
    response = self._make_request(
  File "/Users/chasegladden/Library/Python/3.9/lib/python/site-packages/urllib3/connectionpool.py", line 488, in _make_request
    raise new_e
  File "/Users/chasegladden/Library/Python/3.9/lib/python/site-packages/urllib3/connectionpool.py", line 464, in _make_request
    self._validate_conn(conn)
  File "/Users/chasegladden/Library/Python/3.9/lib/python/site-packages/urllib3/connectionpool.py", line 1093, in _validate_conn
    conn.connect()
  File "/Users/chasegladden/Library/Python/3.9/lib/python/site-packages/urllib3/connection.py", line 759, in connect
    self.sock = sock = self._new_conn()
  File "/Users/chasegladden/Library/Python/3.9/lib/python/site-packages/urllib3/connection.py", line 211, in _new_conn
    raise NameResolutionError(self.host, self, e) from e
urllib3.exceptions.NameResolutionError: HTTPSConnection(host='api.twitter.com', port=443): Failed to resolve 'api.twitter.com' ([Errno 8] nodename nor servname provided, or not known)

The above exception was the direct cause of the following exception:

Traceback (most recent call last):
  File "/Users/chasegladden/Library/Python/3.9/lib/python/site-packages/requests/adapters.py", line 644, in send
    resp = conn.urlopen(
  File "/Users/chasegladden/Library/Python/3.9/lib/python/site-packages/urllib3/connectionpool.py", line 841, in urlopen
    retries = retries.increment(
  File "/Users/chasegladden/Library/Python/3.9/lib/python/site-packages/urllib3/util/retry.py", line 535, in increment
    raise MaxRetryError(_pool, url, reason) from reason  # type: ignore[arg-type]
urllib3.exceptions.MaxRetryError: HTTPSConnectionPool(host='api.twitter.com', port=443): Max retries exceeded with url: /2/tweets/search/recent?query=%28%22apex-agents%22+OR+%22apex+agents%22+OR+%22apex-swe%22+OR+%22apex+swe%22+OR+%28%22apex-ace%22+mercor%29+OR+%28%22apex+ace%22+mercor%29+OR+%28apex+mercor%29%29+-from%3Amercor_ai+-from%3ABrendanFoody+-from%3Aadarsh_exe+-%22apex+legends%22+-%22apex+predator%22+-%22apex+folders%22+-is%3Aretweet+lang%3Aen&max_results=100&tweet.fields=created_at%2Ctext%2Cpublic_metrics (Caused by NameResolutionError("HTTPSConnection(host='api.twitter.com', port=443): Failed to resolve 'api.twitter.com' ([Errno 8] nodename nor servname provided, or not known)"))

During handling of the above exception, another exception occurred:

Traceback (most recent call last):
  File "/Users/chasegladden/mercor-reporting/marketing-reports/daily-social-report/slack_report.py", line 775, in <module>
    discover_third_party_mentions(cache)
  File "/Users/chasegladden/mercor-reporting/marketing-reports/daily-social-report/slack_report.py", line 202, in discover_third_party_mentions
    resp = requests.get("https://api.twitter.com/2/tweets/search/recent", headers=headers, params=params)
  File "/Users/chasegladden/Library/Python/3.9/lib/python/site-packages/requests/api.py", line 73, in get
    return request("get", url, params=params, **kwargs)
  File "/Users/chasegladden/Library/Python/3.9/lib/python/site-packages/requests/api.py", line 59, in request
    return session.request(method=method, url=url, **kwargs)
  File "/Users/chasegladden/Library/Python/3.9/lib/python/site-packages/requests/sessions.py", line 589, in request
    resp = self.send(prep, **send_kwargs)
  File "/Users/chasegladden/Library/Python/3.9/lib/python/site-packages/requests/sessions.py", line 703, in send
    r = adapter.send(request, **kwargs)
  File "/Users/chasegladden/Library/Python/3.9/lib/python/site-packages/requests/adapters.py", line 677, in send
    raise ConnectionError(e, request=request)
requests.exceptions.ConnectionError: HTTPSConnectionPool(host='api.twitter.com', port=443): Max retries exceeded with url: /2/tweets/search/recent?query=%28%22apex-agents%22+OR+%22apex+agents%22+OR+%22apex-swe%22+OR+%22apex+swe%22+OR+%28%22apex-ace%22+mercor%29+OR+%28%22apex+ace%22+mercor%29+OR+%28apex+mercor%29%29+-from%3Amercor_ai+-from%3ABrendanFoody+-from%3Aadarsh_exe+-%22apex+legends%22+-%22apex+predator%22+-%22apex+folders%22+-is%3Aretweet+lang%3Aen&max_results=100&tweet.fields=created_at%2Ctext%2Cpublic_metrics (Caused by NameResolutionError("HTTPSConnection(host='api.twitter.com', port=443): Failed to resolve 'api.twitter.com' ([Errno 8] nodename nor servname provided, or not known)"))
/Users/chasegladden/Library/Python/3.9/lib/python/site-packages/urllib3/__init__.py:35: NotOpenSSLWarning: urllib3 v2 only supports OpenSSL 1.1.1+, currently the 'ssl' module is compiled with 'LibreSSL 2.8.3'. See: https://github.com/urllib3/urllib3/issues/3020
  warnings.warn(
Fetching Sprout profiles...
Fetching Sprout posts...
Discovering personal tweets (Brendan, Adarsh)...
Discovered 2 new personal tweets (Brendan, Adarsh) from 2026-04-30
Discovering 3rd party mentions...
Discovered 4 new 3rd party mention tweets
Discovering watched account tweets...
Found 0 new APEX posts from watched accounts (@ArtificialAnlys, @EpochAIResearch)
Refreshing tweet impressions...
Refreshed impressions for 74/74 cached tweets (1 API calls)
Report sent to Slack successfully.
No NOTION_API_KEY — skipping Notion.
Notion data written to /tmp/apex_notion_data.json
/Users/chasegladden/Library/Python/3.9/lib/python/site-packages/urllib3/__init__.py:35: NotOpenSSLWarning: urllib3 v2 only supports OpenSSL 1.1.1+, currently the 'ssl' module is compiled with 'LibreSSL 2.8.3'. See: https://github.com/urllib3/urllib3/issues/3020
  warnings.warn(
Fetching Sprout profiles...
Fetching Sprout posts...
Discovering personal tweets (Brendan, Adarsh)...
Discovered 0 new personal tweets (Brendan, Adarsh) from 2026-05-01
Discovering 3rd party mentions...
Discovered 3 new 3rd party mention tweets
Discovering watched account tweets...
Found 0 new APEX posts from watched accounts (@ArtificialAnlys, @EpochAIResearch)
Refreshing tweet impressions...
Refreshed impressions for 77/77 cached tweets (1 API calls)
Report sent to Slack successfully.
No NOTION_API_KEY — skipping Notion.
Notion data written to /tmp/apex_notion_data.json
/Users/chasegladden/Library/Python/3.9/lib/python/site-packages/urllib3/__init__.py:35: NotOpenSSLWarning: urllib3 v2 only supports OpenSSL 1.1.1+, currently the 'ssl' module is compiled with 'LibreSSL 2.8.3'. See: https://github.com/urllib3/urllib3/issues/3020
  warnings.warn(
Fetching Sprout profiles...
Fetching Sprout posts...
Discovering personal tweets (Brendan, Adarsh)...
Discovered 0 new personal tweets (Brendan, Adarsh) from 2026-05-02
Discovering 3rd party mentions...
Discovered 0 new 3rd party mention tweets
Discovering watched account tweets...
Found 0 new APEX posts from watched accounts (@ArtificialAnlys, @EpochAIResearch)
Refreshing tweet impressions...
Refreshed impressions for 77/77 cached tweets (1 API calls)
Report sent to Slack successfully.
No NOTION_API_KEY — skipping Notion.
Notion data written to /tmp/apex_notion_data.json
/Users/chasegladden/Library/Python/3.9/lib/python/site-packages/urllib3/__init__.py:35: NotOpenSSLWarning: urllib3 v2 only supports OpenSSL 1.1.1+, currently the 'ssl' module is compiled with 'LibreSSL 2.8.3'. See: https://github.com/urllib3/urllib3/issues/3020
  warnings.warn(
Fetching Sprout profiles...
Fetching Sprout posts...
Discovering personal tweets (Brendan, Adarsh)...
Discovered 0 new personal tweets (Brendan, Adarsh) from 2026-05-03
Discovering 3rd party mentions...
Discovered 0 new 3rd party mention tweets
Discovering watched account tweets...
Found 0 new APEX posts from watched accounts (@ArtificialAnlys, @EpochAIResearch)
Refreshing tweet impressions...
Refreshed impressions for 77/77 cached tweets (1 API calls)
Report sent to Slack successfully.
No NOTION_API_KEY — skipping Notion.
Notion data written to /tmp/apex_notion_data.json
/Users/chasegladden/Library/Python/3.9/lib/python/site-packages/urllib3/__init__.py:35: NotOpenSSLWarning: urllib3 v2 only supports OpenSSL 1.1.1+, currently the 'ssl' module is compiled with 'LibreSSL 2.8.3'. See: https://github.com/urllib3/urllib3/issues/3020
  warnings.warn(
Fetching Sprout profiles...
Sprout profiles error: HTTPSConnectionPool(host='api.sproutsocial.com', port=443): Max retries exceeded with url: /v1/2813309/metadata/customer (Caused by NameResolutionError("HTTPSConnection(host='api.sproutsocial.com', port=443): Failed to resolve 'api.sproutsocial.com' ([Errno 8] nodename nor servname provided, or not known)")) — skipping Sprout data
Fetching Sprout posts...
Discovering personal tweets (Brendan, Adarsh)...
Personal tweets error for Brendan Foody: HTTPSConnectionPool(host='api.twitter.com', port=443): Max retries exceeded with url: /2/users/1237401069921001472/tweets?start_time=2026-05-04T00%3A00%3A00Z&max_results=100&tweet.fields=created_at%2Ctext%2Cpublic_metrics (Caused by NameResolutionError("HTTPSConnection(host='api.twitter.com', port=443): Failed to resolve 'api.twitter.com' ([Errno 8] nodename nor servname provided, or not known)")) — skipping
Personal tweets error for Adarsh: HTTPSConnectionPool(host='api.twitter.com', port=443): Max retries exceeded with url: /2/users/1029157733528829952/tweets?start_time=2026-05-04T00%3A00%3A00Z&max_results=100&tweet.fields=created_at%2Ctext%2Cpublic_metrics (Caused by NameResolutionError("HTTPSConnection(host='api.twitter.com', port=443): Failed to resolve 'api.twitter.com' ([Errno 8] nodename nor servname provided, or not known)")) — skipping
Discovered 0 new personal tweets (Brendan, Adarsh) from 2026-05-04
Discovering 3rd party mentions...
Twitter search/recent connection error: HTTPSConnectionPool(host='api.twitter.com', port=443): Max retries exceeded with url: /2/tweets/search/recent?query=%28%22apex-agents%22+OR+%22apex+agents%22+OR+%22apex-swe%22+OR+%22apex+swe%22+OR+%28%22apex-ace%22+mercor%29+OR+%28%22apex+ace%22+mercor%29+OR+%28apex+mercor%29%29+-from%3Amercor_ai+-from%3ABrendanFoody+-from%3Aadarsh_exe+-%22apex+legends%22+-%22apex+predator%22+-%22apex+folders%22+-is%3Aretweet+lang%3Aen&max_results=100&tweet.fields=created_at%2Ctext%2Cpublic_metrics (Caused by NameResolutionError("HTTPSConnection(host='api.twitter.com', port=443): Failed to resolve 'api.twitter.com' ([Errno 8] nodename nor servname provided, or not known)")) — skipping 3rd party mentions
Discovered 0 new 3rd party mention tweets
Discovering watched account tweets...
Traceback (most recent call last):
  File "/Users/chasegladden/Library/Python/3.9/lib/python/site-packages/urllib3/connection.py", line 204, in _new_conn
    sock = connection.create_connection(
  File "/Users/chasegladden/Library/Python/3.9/lib/python/site-packages/urllib3/util/connection.py", line 60, in create_connection
    for res in socket.getaddrinfo(host, port, family, socket.SOCK_STREAM):
  File "/Library/Developer/CommandLineTools/Library/Frameworks/Python3.framework/Versions/3.9/lib/python3.9/socket.py", line 953, in getaddrinfo
    for res in _socket.getaddrinfo(host, port, family, type, proto, flags):
socket.gaierror: [Errno 8] nodename nor servname provided, or not known

The above exception was the direct cause of the following exception:

Traceback (most recent call last):
  File "/Users/chasegladden/Library/Python/3.9/lib/python/site-packages/urllib3/connectionpool.py", line 787, in urlopen
    response = self._make_request(
  File "/Users/chasegladden/Library/Python/3.9/lib/python/site-packages/urllib3/connectionpool.py", line 488, in _make_request
    raise new_e
  File "/Users/chasegladden/Library/Python/3.9/lib/python/site-packages/urllib3/connectionpool.py", line 464, in _make_request
    self._validate_conn(conn)
  File "/Users/chasegladden/Library/Python/3.9/lib/python/site-packages/urllib3/connectionpool.py", line 1093, in _validate_conn
    conn.connect()
  File "/Users/chasegladden/Library/Python/3.9/lib/python/site-packages/urllib3/connection.py", line 759, in connect
    self.sock = sock = self._new_conn()
  File "/Users/chasegladden/Library/Python/3.9/lib/python/site-packages/urllib3/connection.py", line 211, in _new_conn
    raise NameResolutionError(self.host, self, e) from e
urllib3.exceptions.NameResolutionError: HTTPSConnection(host='api.twitter.com', port=443): Failed to resolve 'api.twitter.com' ([Errno 8] nodename nor servname provided, or not known)

The above exception was the direct cause of the following exception:

Traceback (most recent call last):
  File "/Users/chasegladden/Library/Python/3.9/lib/python/site-packages/requests/adapters.py", line 644, in send
    resp = conn.urlopen(
  File "/Users/chasegladden/Library/Python/3.9/lib/python/site-packages/urllib3/connectionpool.py", line 841, in urlopen
    retries = retries.increment(
  File "/Users/chasegladden/Library/Python/3.9/lib/python/site-packages/urllib3/util/retry.py", line 535, in increment
    raise MaxRetryError(_pool, url, reason) from reason  # type: ignore[arg-type]
urllib3.exceptions.MaxRetryError: HTTPSConnectionPool(host='api.twitter.com', port=443): Max retries exceeded with url: /2/users/by/username/ArtificialAnlys (Caused by NameResolutionError("HTTPSConnection(host='api.twitter.com', port=443): Failed to resolve 'api.twitter.com' ([Errno 8] nodename nor servname provided, or not known)"))

During handling of the above exception, another exception occurred:

Traceback (most recent call last):
  File "/Users/chasegladden/mercor-reporting/marketing-reports/daily-social-report/slack_report.py", line 781, in <module>
    discover_watched_account_tweets(cache)
  File "/Users/chasegladden/mercor-reporting/marketing-reports/daily-social-report/slack_report.py", line 249, in discover_watched_account_tweets
    resp = requests.get(f"https://api.twitter.com/2/users/by/username/{username}", headers=headers)
  File "/Users/chasegladden/Library/Python/3.9/lib/python/site-packages/requests/api.py", line 73, in get
    return request("get", url, params=params, **kwargs)
  File "/Users/chasegladden/Library/Python/3.9/lib/python/site-packages/requests/api.py", line 59, in request
    return session.request(method=method, url=url, **kwargs)
  File "/Users/chasegladden/Library/Python/3.9/lib/python/site-packages/requests/sessions.py", line 589, in request
    resp = self.send(prep, **send_kwargs)
  File "/Users/chasegladden/Library/Python/3.9/lib/python/site-packages/requests/sessions.py", line 703, in send
    r = adapter.send(request, **kwargs)
  File "/Users/chasegladden/Library/Python/3.9/lib/python/site-packages/requests/adapters.py", line 677, in send
    raise ConnectionError(e, request=request)
requests.exceptions.ConnectionError: HTTPSConnectionPool(host='api.twitter.com', port=443): Max retries exceeded with url: /2/users/by/username/ArtificialAnlys (Caused by NameResolutionError("HTTPSConnection(host='api.twitter.com', port=443): Failed to resolve 'api.twitter.com' ([Errno 8] nodename nor servname provided, or not known)"))
/Users/chasegladden/Library/Python/3.9/lib/python/site-packages/urllib3/__init__.py:35: NotOpenSSLWarning: urllib3 v2 only supports OpenSSL 1.1.1+, currently the 'ssl' module is compiled with 'LibreSSL 2.8.3'. See: https://github.com/urllib3/urllib3/issues/3020
  warnings.warn(
Fetching Sprout profiles...
Fetching Sprout posts...
Discovering personal tweets (Brendan, Adarsh)...
Discovered 0 new personal tweets (Brendan, Adarsh) from 2026-05-05
Discovering 3rd party mentions...
Discovered 4 new 3rd party mention tweets
Discovering watched account tweets...
Found 0 new APEX posts from watched accounts (@ArtificialAnlys, @EpochAIResearch)
Refreshing tweet impressions...
Refreshed impressions for 80/81 cached tweets (1 API calls)
Report sent to Slack successfully.
No NOTION_API_KEY — skipping Notion.
Notion data written to /tmp/apex_notion_data.json
/Users/chasegladden/Library/Python/3.9/lib/python/site-packages/urllib3/__init__.py:35: NotOpenSSLWarning: urllib3 v2 only supports OpenSSL 1.1.1+, currently the 'ssl' module is compiled with 'LibreSSL 2.8.3'. See: https://github.com/urllib3/urllib3/issues/3020
  warnings.warn(
Fetching Sprout profiles...
Fetching Sprout posts...
Discovering personal tweets (Brendan, Adarsh)...
Discovered 0 new personal tweets (Brendan, Adarsh) from 2026-05-06
Discovering 3rd party mentions...
Discovered 0 new 3rd party mention tweets
Discovering watched account tweets...
Found 0 new APEX posts from watched accounts (@ArtificialAnlys, @EpochAIResearch)
Refreshing tweet impressions...
Refreshed impressions for 80/81 cached tweets (1 API calls)
Report sent to Slack successfully.
No NOTION_API_KEY — skipping Notion.
Notion data written to /tmp/apex_notion_data.json
/Users/chasegladden/Library/Python/3.9/lib/python/site-packages/urllib3/__init__.py:35: NotOpenSSLWarning: urllib3 v2 only supports OpenSSL 1.1.1+, currently the 'ssl' module is compiled with 'LibreSSL 2.8.3'. See: https://github.com/urllib3/urllib3/issues/3020
  warnings.warn(
Fetching Sprout profiles...
Fetching Sprout posts...
Discovering personal tweets (Brendan, Adarsh)...
Discovered 0 new personal tweets (Brendan, Adarsh) from 2026-05-07
Discovering 3rd party mentions...
Discovered 0 new 3rd party mention tweets
Discovering watched account tweets...
Found 0 new APEX posts from watched accounts (@ArtificialAnlys, @EpochAIResearch)
Refreshing tweet impressions...
Refreshed impressions for 80/81 cached tweets (1 API calls)
Report sent to Slack successfully.
No NOTION_API_KEY — skipping Notion.
Notion data written to /tmp/apex_notion_data.json
/Users/chasegladden/Library/Python/3.9/lib/python/site-packages/urllib3/__init__.py:35: NotOpenSSLWarning: urllib3 v2 only supports OpenSSL 1.1.1+, currently the 'ssl' module is compiled with 'LibreSSL 2.8.3'. See: https://github.com/urllib3/urllib3/issues/3020
  warnings.warn(
Fetching Sprout profiles...
Fetching Sprout posts...
Discovering personal tweets (Brendan, Adarsh)...
Discovered 0 new personal tweets (Brendan, Adarsh) from 2026-05-08
Discovering 3rd party mentions...
Discovered 0 new 3rd party mention tweets
Discovering watched account tweets...
Found 0 new APEX posts from watched accounts (@ArtificialAnlys, @EpochAIResearch)
Refreshing tweet impressions...
Refreshed impressions for 80/81 cached tweets (1 API calls)
Report sent to Slack successfully.
No NOTION_API_KEY — skipping Notion.
Notion data written to /tmp/apex_notion_data.json
/Users/chasegladden/Library/Python/3.9/lib/python/site-packages/urllib3/__init__.py:35: NotOpenSSLWarning: urllib3 v2 only supports OpenSSL 1.1.1+, currently the 'ssl' module is compiled with 'LibreSSL 2.8.3'. See: https://github.com/urllib3/urllib3/issues/3020
  warnings.warn(
Fetching Sprout profiles...
Fetching Sprout posts...
Discovering personal tweets (Brendan, Adarsh)...
Discovered 0 new personal tweets (Brendan, Adarsh) from 2026-05-09
Discovering 3rd party mentions...
Discovered 0 new 3rd party mention tweets
Discovering watched account tweets...
Found 0 new APEX posts from watched accounts (@ArtificialAnlys, @EpochAIResearch)
Refreshing tweet impressions...
Refreshed impressions for 80/81 cached tweets (1 API calls)
Report sent to Slack successfully.
No NOTION_API_KEY — skipping Notion.
Notion data written to /tmp/apex_notion_data.json
